// Jest Snapshot v1, https://goo.gl/fbAQLP

exports[`renders the DottedLoading component correctly 1`] = `
<Text
  style={
    Object {
      "color": "red",
    }
  }
>
  just some string
</Text>
`;
