// Jest Snapshot v1, https://goo.gl/fbAQLP

exports[`Check box 1`] = `
<View
  style={
    Object {
      "padding": 40,
    }
  }
/>
`;
