// Jest Snapshot v1, https://goo.gl/fbAQLP

exports[`Selectable Portrait Image 1`] = `
<View
  style={
    Object {
      "width": 146,
    }
  }
>
  <RNGestureHandlerButton
    collapsable={false}
    onGestureEvent={[Function]}
    onGestureHandlerEvent={[Function]}
    onGestureHandlerStateChange={[Function]}
    onHandlerStateChange={[Function]}
    rippleColor={0}
    style={
      Array [
        Object {
          "overflow": "hidden",
        },
        undefined,
      ]
    }
  >
    <View
      accessible={true}
      style={
        Object {
          "opacity": 1,
        }
      }
    >
      <View>
        <Image
          onError={[Function]}
          resizeMode="cover"
          source={
            Object {
              "uri": "https://d3lf10b5gahyby.cloudfront.net/city/paris.jpg",
            }
          }
          style={
            Array [
              Object {
                "borderRadius": 4,
                "height": 200,
              },
              undefined,
            ]
          }
        />
      </View>
    </View>
  </RNGestureHandlerButton>
</View>
`;
